\chapter {统计物理学的基本原理（答案）}

\section {统计分布}

\subsection {平均值的表示}

\subsection {统计平衡}

\subsection {弛豫时间}

\subsection {动理学}

\section {统计独立}

\subsection {准闭合}

\subsection {统计独立性}

\subsection {均方根涨落}

\subsection {相对涨落}

\subsection {相对涨落与粒子数的平方根成反比}

\section {刘维定理}

\section {能量的作用}

\subsection {微正则分布}

\section {统计矩阵}

\subsection {量子力学中的密度矩阵}

\subsection {统计物理学中的密度矩阵}

\subsection {概率密度和能量的关系}

\section {熵}

\subsection {熵的定义}

\subsection {熵和分布函数的关系}

\subsection {熵的可加性}

\section {关于经典统计和量子统计的思考}

\subsection {经典统计}

\subsection {量子统计}

\section {熵的统计表达式}

\section {量子力学基本原理}

\chapter {热力学量（答案）}

\section {热力学不等式}

\section {能斯特定理}

\chapter {巨正则分布（答案）}

\section {配分函数}

\subsection {关于求和的讨论}

\subsection {近独立分布}

\chapter {量子力学中的微扰论（答案）}

\section {符号约定}

\section {基本原理}

\subsection {递推公式}

\subsection {非简并的基本公式}

\subsection {简并态的基本公式}

\subsection {朗道的微扰论}

\subsection {简并态的各级计算}

\section {Schwinger 表象}

\chapter {国际制和高斯制的换算（答案）}

\section {基本公式的转换}

\section {相对论公式}

\section {极化能和磁化能}

\subsection {极化能}

\subsection {磁化能}

\section {朗德因子}

\chapter {经典力学（答案）}

\section {Possion 括号}

\chapter {非理想气体（答案）}

\section {范德瓦尔斯公式}

\section {位力系数与散射振幅的关系}

\chapter {溶液（答案）}

\section {强电解质溶液}

\chapter {化学反应（答案）}

\section {化学平衡条件}

\chapter {涨落（答案）}

\section {高斯分布}

\section {多个热力学量的高斯分布}

\subsubsection {朗道的计算方法}

\subsubsection {直接计算法}

\subsubsection {统计独立性的判断}

\chapter {二次量子化（答案）}

\section {同类粒子的不可分辨原理}

\section {交换作用}

\section {置换对称性}

\section {二次量子化---玻色统计}

\section {二次量子化---费米统计情形}

\chapter {狭义相对论（答案）}

\section {相互作用的传播速度}

\subsection {参考系}

\subsection {相对性原理}

\subsection {最大传播速度}

\section {间隔}

\subsection {朗道关于间隔不变性的论述}

\subsection {间隔不变性的第二种论述}

\section {洛仑兹变换}

\subsection {方案一}

\subsection {方案二}

\subsection {方案三}

\section {固有时}

\section {相对论的速度变换}

\section {相对论中的力学量}

\subsection {自由粒子的拉格朗日函数}

\subsection {再议速度变换公式}

\section {相对速度}

\subsection {不变量标量计算法}

\subsection {矢量计算法}

\section {分布函数的变化}

\subsection {基本数学原理}

\subsection {动量微元的变换}

\section {粒子的衰变}

\subsection {椭圆的解析分析}

\subsection {衰变时粒子的偏角问题}

