\chapter {选择题选项排版测试（答案）}

\begin {answerstd}

1.{\heiti 答案}
CD
\RandRefabcd {2134}

ee.{\heiti 解析}
答案是\refc {}未知，\refd {}是老师。 

2.{\heiti 答案}
AD
\RandRefabcd {3214}

ee.{\heiti 解析}
答案是\refc {}未知，\refd {}是老师。 

3.{\heiti 答案}
BC
\RandRefabcd {4132}

ee.{\heiti 解析}
答案是\refc {}未知，\refd {}是老师。 

\end {answerstd}

